../Core/Src/adf.c:72:6:adf_reset_config	8	static
../Core/Src/adf.c:89:6:adf_reset_register_zero	4	static
../Core/Src/adf.c:99:6:adf_reset_register_one	4	static
../Core/Src/adf.c:105:6:adf_reset_register_two	4	static
../Core/Src/adf.c:115:6:adf_reset_register_three	4	static
../Core/Src/adf.c:132:6:adf_reset	8	static
../Core/Src/adf.c:145:6:adf_turn_off	8	static
../Core/Src/adf.c:152:6:adf_write_config	8	static
../Core/Src/adf.c:159:6:adf_write_register_zero	16	static
../Core/Src/adf.c:173:6:adf_write_register_one	16	static
../Core/Src/adf.c:183:6:adf_write_register_two	16	static
../Core/Src/adf.c:196:6:adf_write_register_three	16	static
../Core/Src/adf.c:218:6:adf_write_register	32	static,ignoring_inline_asm
../Core/Src/adf.c:269:6:adf_set_frequency_error_correction	16	static
../Core/Src/adf.c:273:6:adf_set_r_divider	16	static
../Core/Src/adf.c:277:6:adf_set_vco_adjust	16	static
../Core/Src/adf.c:284:6:adf_set_frequency	32	static
../Core/Src/adf.c:296:6:adf_4fsk_fone	24	static
../Core/Src/adf.c:313:6:adf_set_n	16	static
../Core/Src/adf.c:317:6:adf_set_m	16	static
../Core/Src/adf.c:321:6:adf_set_pa_level	16	static
../Core/Src/adf.c:325:6:adf_set_pll_enable	16	static
../Core/Src/adf.c:329:6:adf_set_pa_enable	16	static
../Core/Src/adf.c:333:6:adf_setup	8	static
../Core/Src/adf.c:343:6:adf_RF_on	16	static
../Core/Src/adf.c:353:6:adf_RF_off	8	static
