../Core/Src/main.c:74:6:HAL_UART_RxCpltCallback	16	static
../Core/Src/main.c:114:5:main	8	static
../Core/Src/main.c:188:6:SystemClock_Config	120	static
../Core/Src/main.c:244:13:MX_ADC_Init	16	static
../Core/Src/main.c:316:13:MX_LPUART1_UART_Init	8	static
../Core/Src/main.c:350:13:MX_USART1_UART_Init	8	static
../Core/Src/main.c:385:13:MX_SPI1_Init	8	static
../Core/Src/main.c:421:13:MX_DMA_Init	16	static
../Core/Src/main.c:439:13:MX_GPIO_Init	56	static
../Core/Src/main.c:540:6:Error_Handler	8	static,ignoring_inline_asm
