../Core/Src/main.c:85:5:main	120	static
../Core/Src/main.c:227:6:SystemClock_Config	120	static
../Core/Src/main.c:283:13:MX_ADC_Init	16	static
../Core/Src/main.c:355:13:MX_LPUART1_UART_Init	8	static
../Core/Src/main.c:389:13:MX_USART1_UART_Init	8	static
../Core/Src/main.c:424:13:MX_SPI1_Init	8	static
../Core/Src/main.c:462:13:MX_TIM21_Init	32	static
../Core/Src/main.c:505:13:MX_DMA_Init	16	static
../Core/Src/main.c:523:13:MX_GPIO_Init	56	static
../Core/Src/main.c:610:6:HAL_UART_RxCpltCallback	16	static
../Core/Src/main.c:621:6:Error_Handler	8	static,ignoring_inline_asm
