../Core/Src/stm32l0xx_hal_msp.c:65:6:HAL_MspInit	8	static
../Core/Src/stm32l0xx_hal_msp.c:87:6:HAL_ADC_MspInit	56	static
../Core/Src/stm32l0xx_hal_msp.c:128:6:HAL_ADC_MspDeInit	16	static
../Core/Src/stm32l0xx_hal_msp.c:160:6:HAL_UART_MspInit	56	static
../Core/Src/stm32l0xx_hal_msp.c:238:6:HAL_UART_MspDeInit	16	static
../Core/Src/stm32l0xx_hal_msp.c:287:6:HAL_SPI_MspInit	48	static
../Core/Src/stm32l0xx_hal_msp.c:325:6:HAL_SPI_MspDeInit	16	static
../Core/Src/stm32l0xx_hal_msp.c:356:6:HAL_TIM_Base_MspInit	16	static
../Core/Src/stm32l0xx_hal_msp.c:381:6:HAL_TIM_Base_MspDeInit	16	static
