../Drivers/STM32L0xx_HAL_Driver/Src/stm32l0xx_hal_pwr_ex.c:69:10:HAL_PWREx_GetVoltageRange	8	static
../Drivers/STM32L0xx_HAL_Driver/Src/stm32l0xx_hal_pwr_ex.c:82:6:HAL_PWREx_EnableFastWakeUp	8	static
../Drivers/STM32L0xx_HAL_Driver/Src/stm32l0xx_hal_pwr_ex.c:92:6:HAL_PWREx_DisableFastWakeUp	8	static
../Drivers/STM32L0xx_HAL_Driver/Src/stm32l0xx_hal_pwr_ex.c:102:6:HAL_PWREx_EnableUltraLowPower	8	static
../Drivers/STM32L0xx_HAL_Driver/Src/stm32l0xx_hal_pwr_ex.c:112:6:HAL_PWREx_DisableUltraLowPower	8	static
../Drivers/STM32L0xx_HAL_Driver/Src/stm32l0xx_hal_pwr_ex.c:130:6:HAL_PWREx_EnableLowPowerRunMode	8	static
../Drivers/STM32L0xx_HAL_Driver/Src/stm32l0xx_hal_pwr_ex.c:145:19:HAL_PWREx_DisableLowPowerRunMode	16	static
