../Drivers/STM32L0xx_HAL_Driver/Src/stm32l0xx_hal_pwr.c:79:6:HAL_PWR_DeInit	8	static
../Drivers/STM32L0xx_HAL_Driver/Src/stm32l0xx_hal_pwr.c:326:6:HAL_PWR_EnableBkUpAccess	8	static
../Drivers/STM32L0xx_HAL_Driver/Src/stm32l0xx_hal_pwr.c:339:6:HAL_PWR_DisableBkUpAccess	8	static
../Drivers/STM32L0xx_HAL_Driver/Src/stm32l0xx_hal_pwr.c:355:6:HAL_PWR_ConfigPVD	16	static
../Drivers/STM32L0xx_HAL_Driver/Src/stm32l0xx_hal_pwr.c:398:6:HAL_PWR_EnablePVD	8	static
../Drivers/STM32L0xx_HAL_Driver/Src/stm32l0xx_hal_pwr.c:408:6:HAL_PWR_DisablePVD	8	static
../Drivers/STM32L0xx_HAL_Driver/Src/stm32l0xx_hal_pwr.c:424:6:HAL_PWR_EnableWakeUpPin	16	static
../Drivers/STM32L0xx_HAL_Driver/Src/stm32l0xx_hal_pwr.c:441:6:HAL_PWR_DisableWakeUpPin	16	static
../Drivers/STM32L0xx_HAL_Driver/Src/stm32l0xx_hal_pwr.c:464:6:HAL_PWR_EnterSLEEPMode	32	static,ignoring_inline_asm
../Drivers/STM32L0xx_HAL_Driver/Src/stm32l0xx_hal_pwr.c:545:6:HAL_PWR_EnterSTOPMode	32	static,ignoring_inline_asm
../Drivers/STM32L0xx_HAL_Driver/Src/stm32l0xx_hal_pwr.c:614:6:HAL_PWR_EnterSTANDBYMode	8	static,ignoring_inline_asm
../Drivers/STM32L0xx_HAL_Driver/Src/stm32l0xx_hal_pwr.c:638:6:HAL_PWR_EnableSleepOnExit	8	static
../Drivers/STM32L0xx_HAL_Driver/Src/stm32l0xx_hal_pwr.c:651:6:HAL_PWR_DisableSleepOnExit	8	static
../Drivers/STM32L0xx_HAL_Driver/Src/stm32l0xx_hal_pwr.c:664:6:HAL_PWR_EnableSEVOnPend	8	static
../Drivers/STM32L0xx_HAL_Driver/Src/stm32l0xx_hal_pwr.c:677:6:HAL_PWR_DisableSEVOnPend	8	static
../Drivers/STM32L0xx_HAL_Driver/Src/stm32l0xx_hal_pwr.c:689:6:HAL_PWR_PVD_IRQHandler	8	static
../Drivers/STM32L0xx_HAL_Driver/Src/stm32l0xx_hal_pwr.c:706:13:HAL_PWR_PVDCallback	8	static
